[www.myrentalexperts.com/maintenance-request.html]
[backblue.gif]
[fade.gif]
[index.html]
[images.squarespace-cdn.com/content/572a39c4c6fc08512e0f088d/1577331099681-XMAILGQ3RAROA3EQ64R8/Google+square+badge5d45.png]
[assets.squarespace.com/@sqs/polyfiller/1.6/legacy.js]
[use.typekit.net/ik/0-n6pebhM-JYcg8Moy7gw3-OQpMB16aoEm62vC68NZbfeTXffFHN4UJLFRbh52jhWD9awcID5AwXjDZcjDMtFQIkZQgcw26tZg7hMPG0ZWy3ZW4XSY4zSemkiY8ljAoyZhmlZAoXO1FUiABkZWF3jAF8OcFzdPU8pYg8S1s3ScN3Z]
[assets.squarespace.com/universal/scripts-compressed/extract-css-runtime-cf51977555a15f8a54bc-min.en-US.js]
[assets.squarespace.com/@sqs/polyfiller/1.6/modern.js]
[assets.squarespace.com/universal/scripts-compressed/cldr-resource-pack-32136deb9638cc6130b2-min.en-US.js]
[assets.squarespace.com/universal/scripts-compressed/common-vendors-stable-61293f01d648eef165fc-min.en-US.js]
[assets.squarespace.com/universal/scripts-compressed/extract-css-moment-js-vendor-6c569122bfa66a51a056-min.en-US.js]
[assets.squarespace.com/universal/styles-compressed/user-account-core-b6e8cafbf34b05da5c2b-min.en-US.css]
[assets.squarespace.com/universal/scripts-compressed/performance-d9f618c1beaea97b6499-min.en-US.js]
[assets.squarespace.com/universal/scripts-compressed/user-account-core-482ae9ec6408c0fe1e8c-min.en-US.js]
[www.myrentalexperts.com/maintenance-requesta409]
[www.myrentalexperts.com/property-management.html]
[assets.squarespace.com/universal/scripts-compressed/common-vendors-be0091dc488b10891ed6-min.en-US.js]
[static1.squarespace.com/static/sitecss/572a39c4c6fc08512e0f088d/131/572a3a2df850821daa213e6b/572a3a31f850821daa213eb2/39/site.css]
[www.myrentalexperts.com/index.html]
[www.myrentalexperts.com/owners.html]
[www.myrentalexperts.com/tenants.html]
[www.myrentalexperts.com/about.html]
[www.myrentalexperts.com/contact.html]
[images.squarespace-cdn.com/content/v1/572a39c4c6fc08512e0f088d/1533828776715-JV3N70UO03E8U40FQXQ5/Logo-_Expert+Property+Management+Horizontal+White0e7d.png]
[www.myrentalexperts.com/videos.html]
[www.myrentalexperts.com/_/www.youtube.com/embed/iF2SZzzrJd4.1925f6.delayed]
[www.myrentalexperts.com/_/www.youtube.com/embed/R6bi4_SZNfw.1b8344.delayed]
[www.myrentalexperts.com/_/www.youtube.com/embed/fGqgNLPTcao.1d8344.delayed]
[www.myrentalexperts.com/_/www.youtube.com/embed/I3mUFoX2j1w.1f8344.delayed]
[www.myrentalexperts.com/_/www.youtube.com/embed/PLpsZplJx8M.218344.delayed]
[assets.squarespace.com/universal/scripts-compressed/common-b33702450f88b3268daa-min.en-US.js]
[www.myrentalexperts.com/_/www.youtube.com/embed/Bu3SDZSGlxo.238344.delayed]
[static1.squarespace.com/static/ta/572a39c4c6fc08512e0f088d/37/assets/images/icon_remaxexpertsballoon-white.png]
[www.myrentalexperts.com/blog.25.delayed]
[www.myrentalexperts.com/maintenance-request.html]
[assets.squarespace.com/universal/styles-compressed/user-account-core-b6e8cafbf34b05da5c2b-min.en-US.css]
[assets.squarespace.com/universal/images-v6/damask/error-dark.png]
[assets.squarespace.com/universal/images-v6/damask/error-dark@2x.png]
[www.myrentalexperts.com/faqs/index.html]
[assets.squarespace.com/universal/images-v6/damask/play-button.png]
[assets.squarespace.com/universal/images-v6/damask/play-button@2x.png]
[assets.squarespace.com/universal/images-v6/damask/edit-aviary-light.png]
[assets.squarespace.com/universal/images-v6/damask/edit-aviary-light@2x.png]
[assets.squarespace.com/universal/images-v6/damask/edit-info-light.png]
[assets.squarespace.com/universal/images-v6/damask/edit-info-light@2x.png]
[assets.squarespace.com/universal/images-v6/damask/trash-9-light.png]
[assets.squarespace.com/universal/images-v6/damask/trash-9-light@2x.png]
[static1.squarespace.com/static/ta/572a39c4c6fc08512e0f088d/39/scripts/main.js]
[assets.squarespace.com/universal/images-v6/damask/trash-9-red.png]
[assets.squarespace.com/universal/images-v6/damask/trash-9-red@2x.png]
[assets.squarespace.com/universal/images-v6/damask/getty-16-light.png]
[assets.squarespace.com/universal/images-v6/damask/getty-32-light.png]
[assets.squarespace.com/universal/images-v6/damask/shopping-cart-16-light.png]
[assets.squarespace.com/universal/images-v6/damask/shopping-cart-32-light.png]
[assets.squarespace.com/universal/images-v6/icons/block-indicator-dark.png]
[assets.squarespace.com/universal/images-v6/icons/block-indicator-dark@2x.png]
[assets.squarespace.com/universal/images-v6/icons/opentable-icons.png]
[assets.squarespace.com/universal/images-v6/icons/icon-searchqueries-20-dark.png]
[assets.squarespace.com/universal/images-v6/icons/icon-searchqueries-20-light.png]
[assets.squarespace.com/universal/images-v6/icons/icon-video-24-light-solid.png]
[assets.squarespace.com/universal/images-v6/damask/image-inside-64-dark.png]
[assets.squarespace.com/universal/images-v6/damask/image-inside-128-dark.png]
[assets.squarespace.com/universal/images-v6/standard/icon_close_7_light.png]
[assets.squarespace.com/universal/images-v6/icons/icon-settings-16-light.png]
[static1.squarespace.com/static/sitecss/572a39c4c6fc08512e0f088d/131/572a3a2df850821daa213e6b/572a3a31f850821daa213eb2/node_modules/bxslider/src/css/images/bx_loader.css]
[static1.squarespace.com/static/sitecss/572a39c4c6fc08512e0f088d/131/572a3a2df850821daa213e6b/572a3a31f850821daa213eb2/node_modules/bxslider/src/css/images/controls.css]
[static1.squarespace.com/static/ta/572a39c4c6fc08512e0f088d/33/assets/images/service-areas.jpg]
[static1.squarespace.com/static/sitecss/572a39c4c6fc08512e0f088d/131/572a3a2df850821daa213e6b/572a3a31f850821daa213eb2/39/site.css]
[images.squarespace-cdn.com/content/v1/572a39c4c6fc08512e0f088d/1532720943813-CLXKF6UW1ISAT0B6811N/badges_02.png]
[images.squarespace-cdn.com/content/v1/572a39c4c6fc08512e0f088d/1532720943907-ZG36WMNBMPRNJWWKGTEY/badges_04.png]
[images.squarespace-cdn.com/content/v1/572a39c4c6fc08512e0f088d/1532720944315-15VLJGSCT0PQ6UBA9E4P/badges_06.png]
[images.squarespace-cdn.com/content/v1/572a39c4c6fc08512e0f088d/1532720944519-IHK3E5Z5GSIXVQ5IM05R/badges_08.png]
[images.squarespace-cdn.com/content/v1/572a39c4c6fc08512e0f088d/1532720944844-YMNANRNBTRJ37VOCQPJG/badges_10.png]
[www.myrentalexperts.com/index.html]
[www.myrentalexperts.com/property-managementa409]
[images.squarespace-cdn.com/content/v1/572a39c4c6fc08512e0f088d/1577336760420-DCBTQLEEXLM19GESVE98/Contract+Guarantee.png]
[images.squarespace-cdn.com/content/v1/572a39c4c6fc08512e0f088d/1577336762734-GT32G4SOZ5P7O7YJ4TTC/Tenant+guarantee.png]
[images.squarespace-cdn.com/content/v1/572a39c4c6fc08512e0f088d/1577336761623-JG0UGPCZYX51EP4U6F0F/Legal+Compliance.png]
[images.squarespace-cdn.com/content/v1/572a39c4c6fc08512e0f088d/1577336761622-DLWQB411RWUZ4IFTC4O1/Leasing+fee.png]
[images.squarespace-cdn.com/content/v1/572a39c4c6fc08512e0f088d/1577336762092-XEVB7WRELU72N6X9I5CF/Management+fee.png]
[images.squarespace-cdn.com/content/v1/572a39c4c6fc08512e0f088d/1577336763139-29RI84VJ85J3ELOTS722/trust.png]
[images.squarespace-cdn.com/content/v1/572a39c4c6fc08512e0f088d/1577336760975-2KFRE7M0PBYX0SHYWAY1/high+quality+Marketing.png]
[images.squarespace-cdn.com/content/v1/572a39c4c6fc08512e0f088d/1577336761018-6M7R1RNQ1XCIBUR36C8R/Inspection.png]
[images.squarespace-cdn.com/content/v1/572a39c4c6fc08512e0f088d/1577336762533-94EJV5ZLC63667K0UREO/Quality+Repairs.png]
[images.squarespace-cdn.com/content/v1/572a39c4c6fc08512e0f088d/1577336762113-T5NKKOF7TZLWZZKQEXZB/Prefered+rates.png]
[images.squarespace-cdn.com/content/v1/572a39c4c6fc08512e0f088d/1577336760410-P3JF8PVIIC2BQJP3GOA2/detailed+accounting.png]
[www.myrentalexperts.com/property-management.html]
[www.myrentalexperts.com/ownersa409]
[www.myrentalexperts.com/owners.html]
[www.myrentalexperts.com/tenantsa409]
[www.myrentalexperts.com/tenants.html]
[www.myrentalexperts.com/abouta409]
[images.squarespace-cdn.com/content/v1/572a39c4c6fc08512e0f088d/1577338424313-28WWLUHF94DEX2CP1DFN/Jenny-132_edited.jpg]
[www.myrentalexperts.com/about.html]
[www.myrentalexperts.com/contacta409]
[www.myrentalexperts.com/contact.html]
[www.myrentalexperts.com/videosa409]
[www.myrentalexperts.com/videos/2019/2/6/f49sz9dz1od4usdg4nklv9adrgfr03.html]
[images.squarespace-cdn.com/content/v1/572a39c4c6fc08512e0f088d/1549513429043-QR2LHAMW2S3EI6A0ZNJG/Video+Content+COMING+Soon.png]
[www.myrentalexperts.com/videos.html]
[www.myrentalexperts.com/_/www.youtube.com/embed/iF2SZzzrJd4b4e2.html]
[www.myrentalexperts.com/_/www.youtube.com/embed/iF2SZzzrJd425f6.html]
[www.myrentalexperts.com/_/www.youtube.com/embed/R6bi4_SZNfw9ae1.html]
[www.myrentalexperts.com/_/www.youtube.com/embed/R6bi4_SZNfw8344.html]
[www.myrentalexperts.com/_/www.youtube.com/embed/fGqgNLPTcao9ae1.html]
[www.myrentalexperts.com/_/www.youtube.com/embed/fGqgNLPTcao8344.html]
[www.myrentalexperts.com/_/www.youtube.com/embed/I3mUFoX2j1w9ae1.html]
[www.myrentalexperts.com/_/www.youtube.com/embed/I3mUFoX2j1w8344.html]
[www.myrentalexperts.com/_/www.youtube.com/embed/PLpsZplJx8M9ae1.html]
[www.myrentalexperts.com/_/www.youtube.com/embed/PLpsZplJx8M8344.html]
[www.myrentalexperts.com/_/www.youtube.com/embed/Bu3SDZSGlxo9ae1.html]
[www.myrentalexperts.com/_/www.youtube.com/embed/Bu3SDZSGlxo8344.html]
[www.myrentalexperts.com/blog.html]
[www.myrentalexperts.com/videose856.html]
[www.myrentalexperts.com/faqs.html]
[www.myrentalexperts.com/faqsa409]
[www.myrentalexperts.com/faqs/index.html]
[static1.squarespace.com/static/sitecss/572a39c4c6fc08512e0f088d/131/572a3a2df850821daa213e6b/572a3a31f850821daa213eb2/node_modules/bxslider/src/css/images/bx_loader.css]
[static1.squarespace.com/static/sitecss/572a39c4c6fc08512e0f088d/131/572a3a2df850821daa213e6b/572a3a31f850821daa213eb2/node_modules/bxslider/src/css/images/controls.css]
[images.squarespace-cdn.com/content/572a39c4c6fc08512e0f088d/1549513429043-QR2LHAMW2S3EI6A0ZNJG/Video+Content+COMING+Soon5d45.png]
[www.myrentalexperts.com/videos/2019/2/6/f49sz9dz1od4usdg4nklv9adrgfr03.html]
[www.myrentalexperts.com/videose856.html]
[www.myrentalexperts.com/faqs.html]
[static1.squarespace.com/static/sitecss/572a39c4c6fc08512e0f088d/131/572a3a2df850821daa213e6b/572a3a31f850821daa213eb2/node_modules/bxslider/src/css/node_modules/bxslider/src/controls.74.delaye]
[static1.squarespace.com/static/sitecss/572a39c4c6fc08512e0f088d/131/572a3a2df850821daa213e6b/572a3a31f850821daa213eb2/node_modules/bxslider/src/css/node_modules/bxslider/sr/bx_loader.73.delaye]
[static1.squarespace.com/static/sitecss/572a39c4c6fc08512e0f088d/131/572a3a2df850821daa213e6b/572a3a31f850821daa213eb2/node_modules/bxslider/src/css/node_modules/bxslider/sr/bx_loader.73.delaye]
[static1.squarespace.com/static/sitecss/572a39c4c6fc08512e0f088d/131/572a3a2df850821daa213e6b/572a3a31f850821daa213eb2/node_modules/bxslider/src/css/node_modules/bxslider/src/controls.74.delaye]
[static1.squarespace.com/static/sitecss/572a39c4c6fc08512e0f088d/131/572a3a2df850821daa213e6b/572a3a31f850821daa213eb2/node_modules/bxslider/src/css/node_modules/bxslider/src/controls.78.delaye]
[static1.squarespace.com/static/sitecss/572a39c4c6fc08512e0f088d/131/572a3a2df850821daa213e6b/572a3a31f850821daa213eb2/node_modules/bxslider/src/css/node_modules/bxslider/sr/bx_loader.77.delaye]
[static1.squarespace.com/static/sitecss/572a39c4c6fc08512e0f088d/131/572a3a2df850821daa213e6b/572a3a31f850821daa213eb2/node_modules/bxslider/src/css/node_modules/bxslider/sr/bx_loader.77.delaye]
[static1.squarespace.com/static/sitecss/572a39c4c6fc08512e0f088d/131/572a3a2df850821daa213e6b/572a3a31f850821daa213eb2/node_modules/bxslider/src/css/node_modules/bxslider/src/controls.78.delaye]
[static1.squarespace.com/static/sitecss/572a39c4c6fc08512e0f088d/131/572a3a2df850821daa213e6b/572a3a31f850821daa213eb2/node_modules/bxslider/src/css/node_modules/bxslider/src/controls.7a.delaye]
[static1.squarespace.com/static/sitecss/572a39c4c6fc08512e0f088d/131/572a3a2df850821daa213e6b/572a3a31f850821daa213eb2/node_modules/bxslider/src/css/node_modules/bxslider/sr/bx_loader.79.delaye]
[static1.squarespace.com/static/sitecss/572a39c4c6fc08512e0f088d/131/572a3a2df850821daa213e6b/572a3a31f850821daa213eb2/node_modules/bxslider/src/css/node_modules/bxslider/sr/bx_loader.79.delaye]
[static1.squarespace.com/static/sitecss/572a39c4c6fc08512e0f088d/131/572a3a2df850821daa213e6b/572a3a31f850821daa213eb2/node_modules/bxslider/src/css/node_modules/bxslider/src/controls.7a.delaye]
[static1.squarespace.com/static/sitecss/572a39c4c6fc08512e0f088d/131/572a3a2df850821daa213e6b/572a3a31f850821daa213eb2/node_modules/bxslider/src/css/node_modules/bxslider/sr/bx_loader.7b.delaye]
[static1.squarespace.com/static/sitecss/572a39c4c6fc08512e0f088d/131/572a3a2df850821daa213e6b/572a3a31f850821daa213eb2/node_modules/bxslider/src/css/node_modules/bxslider/sr/bx_loader.7b.delaye]
[static1.squarespace.com/static/sitecss/572a39c4c6fc08512e0f088d/131/572a3a2df850821daa213e6b/572a3a31f850821daa213eb2/node_modules/bxslider/src/css/node_modules/bxslider/src/controls.7c.delaye]
[static1.squarespace.com/static/sitecss/572a39c4c6fc08512e0f088d/131/572a3a2df850821daa213e6b/572a3a31f850821daa213eb2/node_modules/bxslider/src/css/node_modules/bxslider/src/controls.7c.delaye]
[static1.squarespace.com/static/sitecss/572a39c4c6fc08512e0f088d/131/572a3a2df850821daa213e6b/572a3a31f850821daa213eb2/node_modules/bxslider/src/css/node_modules/bxslider/src/controls.7e.delaye]
[static1.squarespace.com/static/sitecss/572a39c4c6fc08512e0f088d/131/572a3a2df850821daa213e6b/572a3a31f850821daa213eb2/node_modules/bxslider/src/css/node_modules/bxslider/sr/bx_loader.7d.delaye]
[static1.squarespace.com/static/sitecss/572a39c4c6fc08512e0f088d/131/572a3a2df850821daa213e6b/572a3a31f850821daa213eb2/node_modules/bxslider/src/css/node_modules/bxslider/sr/bx_loader.7d.delaye]
[static1.squarespace.com/static/sitecss/572a39c4c6fc08512e0f088d/131/572a3a2df850821daa213e6b/572a3a31f850821daa213eb2/node_modules/bxslider/src/css/node_modules/bxslider/src/controls.7e.delaye]
[static1.squarespace.com/static/sitecss/572a39c4c6fc08512e0f088d/131/572a3a2df850821daa213e6b/572a3a31f850821daa213eb2/node_modules/bxslider/src/css/node_modules/bxslider/src/controls.80.delaye]
[static1.squarespace.com/static/sitecss/572a39c4c6fc08512e0f088d/131/572a3a2df850821daa213e6b/572a3a31f850821daa213eb2/node_modules/bxslider/src/css/node_modules/bxslider/sr/bx_loader.7f.delaye]
[static1.squarespace.com/static/sitecss/572a39c4c6fc08512e0f088d/131/572a3a2df850821daa213e6b/572a3a31f850821daa213eb2/node_modules/bxslider/src/css/node_modules/bxslider/sr/bx_loader.7f.delaye]
[static1.squarespace.com/static/sitecss/572a39c4c6fc08512e0f088d/131/572a3a2df850821daa213e6b/572a3a31f850821daa213eb2/node_modules/bxslider/src/css/node_modules/bxslider/src/controls.80.delaye]
[static1.squarespace.com/static/sitecss/572a39c4c6fc08512e0f088d/131/572a3a2df850821daa213e6b/572a3a31f850821daa213eb2/node_modules/bxslider/src/css/node_modules/bxslider/src/controls.82.delaye]
[static1.squarespace.com/static/sitecss/572a39c4c6fc08512e0f088d/131/572a3a2df850821daa213e6b/572a3a31f850821daa213eb2/node_modules/bxslider/src/css/node_modules/bxslider/sr/bx_loader.81.delaye]
[static1.squarespace.com/static/sitecss/572a39c4c6fc08512e0f088d/131/572a3a2df850821daa213e6b/572a3a31f850821daa213eb2/node_modules/bxslider/src/css/node_modules/bxslider/sr/bx_loader.81.delaye]
[static1.squarespace.com/static/sitecss/572a39c4c6fc08512e0f088d/131/572a3a2df850821daa213e6b/572a3a31f850821daa213eb2/node_modules/bxslider/src/css/node_modules/bxslider/src/controls.82.delaye]
[static1.squarespace.com/static/sitecss/572a39c4c6fc08512e0f088d/131/572a3a2df850821daa213e6b/572a3a31f850821daa213eb2/node_modules/bxslider/src/css/node_modules/bxslider/sr/bx_loader.83.delaye]
[static1.squarespace.com/static/sitecss/572a39c4c6fc08512e0f088d/131/572a3a2df850821daa213e6b/572a3a31f850821daa213eb2/node_modules/bxslider/src/css/node_modules/bxslider/sr/bx_loader.83.delaye]
[static1.squarespace.com/static/sitecss/572a39c4c6fc08512e0f088d/131/572a3a2df850821daa213e6b/572a3a31f850821daa213eb2/node_modules/bxslider/src/css/node_modules/bxslider/src/controls.84.delaye]
[static1.squarespace.com/static/sitecss/572a39c4c6fc08512e0f088d/131/572a3a2df850821daa213e6b/572a3a31f850821daa213eb2/node_modules/bxslider/src/css/node_modules/bxslider/src/controls.84.delaye]
[static1.squarespace.com/static/sitecss/572a39c4c6fc08512e0f088d/131/572a3a2df850821daa213e6b/572a3a31f850821daa213eb2/node_modules/bxslider/src/css/node_modules/bxslider/sr/bx_loader.85.delaye]
[static1.squarespace.com/static/sitecss/572a39c4c6fc08512e0f088d/131/572a3a2df850821daa213e6b/572a3a31f850821daa213eb2/node_modules/bxslider/src/css/node_modules/bxslider/sr/bx_loader.85.delaye]
[static1.squarespace.com/static/sitecss/572a39c4c6fc08512e0f088d/131/572a3a2df850821daa213e6b/572a3a31f850821daa213eb2/node_modules/bxslider/src/css/node_modules/bxslider/src/controls.86.delaye]
[static1.squarespace.com/static/sitecss/572a39c4c6fc08512e0f088d/131/572a3a2df850821daa213e6b/572a3a31f850821daa213eb2/node_modules/bxslider/src/css/node_modules/bxslider/src/controls.86.delaye]
[static1.squarespace.com/static/sitecss/572a39c4c6fc08512e0f088d/131/572a3a2df850821daa213e6b/572a3a31f850821daa213eb2/node_modules/bxslider/src/css/node_modules/bxslider/src/controls.88.delaye]
[static1.squarespace.com/static/sitecss/572a39c4c6fc08512e0f088d/131/572a3a2df850821daa213e6b/572a3a31f850821daa213eb2/node_modules/bxslider/src/css/node_modules/bxslider/sr/bx_loader.87.delaye]
[static1.squarespace.com/static/sitecss/572a39c4c6fc08512e0f088d/131/572a3a2df850821daa213e6b/572a3a31f850821daa213eb2/node_modules/bxslider/src/css/node_modules/bxslider/sr/bx_loader.87.delaye]
[static1.squarespace.com/static/sitecss/572a39c4c6fc08512e0f088d/131/572a3a2df850821daa213e6b/572a3a31f850821daa213eb2/node_modules/bxslider/src/css/node_modules/bxslider/src/controls.88.delaye]
[static1.squarespace.com/static/sitecss/572a39c4c6fc08512e0f088d/131/572a3a2df850821daa213e6b/572a3a31f850821daa213eb2/node_modules/bxslider/src/css/node_modules/bxslider/sr/bx_loader.89.delaye]
[static1.squarespace.com/static/sitecss/572a39c4c6fc08512e0f088d/131/572a3a2df850821daa213e6b/572a3a31f850821daa213eb2/node_modules/bxslider/src/css/node_modules/bxslider/sr/bx_loader.89.delaye]
[static1.squarespace.com/static/sitecss/572a39c4c6fc08512e0f088d/131/572a3a2df850821daa213e6b/572a3a31f850821daa213eb2/node_modules/bxslider/src/css/node_modules/bxslider/src/controls.8a.delaye]
[static1.squarespace.com/static/sitecss/572a39c4c6fc08512e0f088d/131/572a3a2df850821daa213e6b/572a3a31f850821daa213eb2/node_modules/bxslider/src/css/node_modules/bxslider/src/controls.8a.delaye]
[static1.squarespace.com/static/sitecss/572a39c4c6fc08512e0f088d/131/572a3a2df850821daa213e6b/572a3a31f850821daa213eb2/node_modules/bxslider/src/css/node_modules/bxslider/sr/bx_loader.8b.delaye]
[static1.squarespace.com/static/sitecss/572a39c4c6fc08512e0f088d/131/572a3a2df850821daa213e6b/572a3a31f850821daa213eb2/node_modules/bxslider/src/css/node_modules/bxslider/sr/bx_loader.8b.delaye]
[static1.squarespace.com/static/sitecss/572a39c4c6fc08512e0f088d/131/572a3a2df850821daa213e6b/572a3a31f850821daa213eb2/node_modules/bxslider/src/css/node_modules/bxslider/src/controls.8c.delaye]
[static1.squarespace.com/static/sitecss/572a39c4c6fc08512e0f088d/131/572a3a2df850821daa213e6b/572a3a31f850821daa213eb2/node_modules/bxslider/src/css/node_modules/bxslider/src/controls.8c.delaye]
[static1.squarespace.com/static/sitecss/572a39c4c6fc08512e0f088d/131/572a3a2df850821daa213e6b/572a3a31f850821daa213eb2/node_modules/bxslider/src/css/node_modules/bxslider/src/controls.8e.delaye]
[static1.squarespace.com/static/sitecss/572a39c4c6fc08512e0f088d/131/572a3a2df850821daa213e6b/572a3a31f850821daa213eb2/node_modules/bxslider/src/css/node_modules/bxslider/sr/bx_loader.8d.delaye]
[static1.squarespace.com/static/sitecss/572a39c4c6fc08512e0f088d/131/572a3a2df850821daa213e6b/572a3a31f850821daa213eb2/node_modules/bxslider/src/css/node_modules/bxslider/sr/bx_loader.8d.delaye]
[static1.squarespace.com/static/sitecss/572a39c4c6fc08512e0f088d/131/572a3a2df850821daa213e6b/572a3a31f850821daa213eb2/node_modules/bxslider/src/css/node_modules/bxslider/src/controls.8e.delaye]
[static1.squarespace.com/static/sitecss/572a39c4c6fc08512e0f088d/131/572a3a2df850821daa213e6b/572a3a31f850821daa213eb2/node_modules/bxslider/src/css/node_modules/bxslider/src/controls.90.delaye]
[static1.squarespace.com/static/sitecss/572a39c4c6fc08512e0f088d/131/572a3a2df850821daa213e6b/572a3a31f850821daa213eb2/node_modules/bxslider/src/css/node_modules/bxslider/sr/bx_loader.8f.delaye]
[static1.squarespace.com/static/sitecss/572a39c4c6fc08512e0f088d/131/572a3a2df850821daa213e6b/572a3a31f850821daa213eb2/node_modules/bxslider/src/css/node_modules/bxslider/sr/bx_loader.8f.delaye]
[static1.squarespace.com/static/sitecss/572a39c4c6fc08512e0f088d/131/572a3a2df850821daa213e6b/572a3a31f850821daa213eb2/node_modules/bxslider/src/css/node_modules/bxslider/src/controls.90.delaye]
[static1.squarespace.com/static/sitecss/572a39c4c6fc08512e0f088d/131/572a3a2df850821daa213e6b/572a3a31f850821daa213eb2/node_modules/bxslider/src/css/node_modules/bxslider/src/controls.92.delaye]
[static1.squarespace.com/static/sitecss/572a39c4c6fc08512e0f088d/131/572a3a2df850821daa213e6b/572a3a31f850821daa213eb2/node_modules/bxslider/src/css/node_modules/bxslider/sr/bx_loader.91.delaye]
[static1.squarespace.com/static/sitecss/572a39c4c6fc08512e0f088d/131/572a3a2df850821daa213e6b/572a3a31f850821daa213eb2/node_modules/bxslider/src/css/node_modules/bxslider/sr/bx_loader.91.delaye]
[static1.squarespace.com/static/sitecss/572a39c4c6fc08512e0f088d/131/572a3a2df850821daa213e6b/572a3a31f850821daa213eb2/node_modules/bxslider/src/css/node_modules/bxslider/src/controls.92.delaye]
[static1.squarespace.com/static/sitecss/572a39c4c6fc08512e0f088d/131/572a3a2df850821daa213e6b/572a3a31f850821daa213eb2/node_modules/bxslider/src/css/node_modules/bxslider/src/controls.94.delaye]
[static1.squarespace.com/static/sitecss/572a39c4c6fc08512e0f088d/131/572a3a2df850821daa213e6b/572a3a31f850821daa213eb2/node_modules/bxslider/src/css/node_modules/bxslider/sr/bx_loader.93.delaye]
[static1.squarespace.com/static/sitecss/572a39c4c6fc08512e0f088d/131/572a3a2df850821daa213e6b/572a3a31f850821daa213eb2/node_modules/bxslider/src/css/node_modules/bxslider/sr/bx_loader.93.delaye]
[static1.squarespace.com/static/sitecss/572a39c4c6fc08512e0f088d/131/572a3a2df850821daa213e6b/572a3a31f850821daa213eb2/node_modules/bxslider/src/css/node_modules/bxslider/src/controls.94.delaye]
[static1.squarespace.com/static/sitecss/572a39c4c6fc08512e0f088d/131/572a3a2df850821daa213e6b/572a3a31f850821daa213eb2/node_modules/bxslider/src/css/node_modules/bxslider/src/controls.96.delaye]
[static1.squarespace.com/static/sitecss/572a39c4c6fc08512e0f088d/131/572a3a2df850821daa213e6b/572a3a31f850821daa213eb2/node_modules/bxslider/src/css/node_modules/bxslider/sr/bx_loader.95.delaye]
[static1.squarespace.com/static/sitecss/572a39c4c6fc08512e0f088d/131/572a3a2df850821daa213e6b/572a3a31f850821daa213eb2/node_modules/bxslider/src/css/node_modules/bxslider/sr/bx_loader.95.delaye]
[static1.squarespace.com/static/sitecss/572a39c4c6fc08512e0f088d/131/572a3a2df850821daa213e6b/572a3a31f850821daa213eb2/node_modules/bxslider/src/css/node_modules/bxslider/src/controls.96.delaye]
[static1.squarespace.com/static/sitecss/572a39c4c6fc08512e0f088d/131/572a3a2df850821daa213e6b/572a3a31f850821daa213eb2/node_modules/bxslider/src/css/node_modules/bxslider/sr/bx_loader.97.delaye]
[static1.squarespace.com/static/sitecss/572a39c4c6fc08512e0f088d/131/572a3a2df850821daa213e6b/572a3a31f850821daa213eb2/node_modules/bxslider/src/css/node_modules/bxslider/sr/bx_loader.97.delaye]
[static1.squarespace.com/static/sitecss/572a39c4c6fc08512e0f088d/131/572a3a2df850821daa213e6b/572a3a31f850821daa213eb2/node_modules/bxslider/src/css/node_modules/bxslider/src/controls.98.delaye]
[static1.squarespace.com/static/sitecss/572a39c4c6fc08512e0f088d/131/572a3a2df850821daa213e6b/572a3a31f850821daa213eb2/node_modules/bxslider/src/css/node_modules/bxslider/src/controls.98.delaye]
[static1.squarespace.com/static/sitecss/572a39c4c6fc08512e0f088d/131/572a3a2df850821daa213e6b/572a3a31f850821daa213eb2/node_modules/bxslider/src/css/node_modules/bxslider/src/controls.9a.delaye]
[static1.squarespace.com/static/sitecss/572a39c4c6fc08512e0f088d/131/572a3a2df850821daa213e6b/572a3a31f850821daa213eb2/node_modules/bxslider/src/css/node_modules/bxslider/sr/bx_loader.99.delaye]
[static1.squarespace.com/static/sitecss/572a39c4c6fc08512e0f088d/131/572a3a2df850821daa213e6b/572a3a31f850821daa213eb2/node_modules/bxslider/src/css/node_modules/bxslider/sr/bx_loader.99.delaye]
[static1.squarespace.com/static/sitecss/572a39c4c6fc08512e0f088d/131/572a3a2df850821daa213e6b/572a3a31f850821daa213eb2/node_modules/bxslider/src/css/node_modules/bxslider/src/controls.9a.delaye]
[static1.squarespace.com/static/sitecss/572a39c4c6fc08512e0f088d/131/572a3a2df850821daa213e6b/572a3a31f850821daa213eb2/node_modules/bxslider/src/css/node_modules/bxslider/sr/bx_loader.9b.delaye]
[static1.squarespace.com/static/sitecss/572a39c4c6fc08512e0f088d/131/572a3a2df850821daa213e6b/572a3a31f850821daa213eb2/node_modules/bxslider/src/css/node_modules/bxslider/src/controls.9c.delaye]
[static1.squarespace.com/static/sitecss/572a39c4c6fc08512e0f088d/131/572a3a2df850821daa213e6b/572a3a31f850821daa213eb2/node_modules/bxslider/src/css/node_modules/bxslider/sr/bx_loader.9b.delaye]
[static1.squarespace.com/static/sitecss/572a39c4c6fc08512e0f088d/131/572a3a2df850821daa213e6b/572a3a31f850821daa213eb2/node_modules/bxslider/src/css/node_modules/bxslider/src/controls.9c.delaye]
[static1.squarespace.com/static/sitecss/572a39c4c6fc08512e0f088d/131/572a3a2df850821daa213e6b/572a3a31f850821daa213eb2/node_modules/bxslider/src/css/node_modules/bxslider/sr/bx_loader.9d.delaye]
[static1.squarespace.com/static/sitecss/572a39c4c6fc08512e0f088d/131/572a3a2df850821daa213e6b/572a3a31f850821daa213eb2/node_modules/bxslider/src/css/node_modules/bxslider/src/controls.9e.delaye]
[static1.squarespace.com/static/sitecss/572a39c4c6fc08512e0f088d/131/572a3a2df850821daa213e6b/572a3a31f850821daa213eb2/node_modules/bxslider/src/css/node_modules/bxslider/sr/bx_loader.9d.delaye]
[static1.squarespace.com/static/sitecss/572a39c4c6fc08512e0f088d/131/572a3a2df850821daa213e6b/572a3a31f850821daa213eb2/node_modules/bxslider/src/css/node_modules/bxslider/src/controls.9e.delaye]
[static1.squarespace.com/static/sitecss/572a39c4c6fc08512e0f088d/131/572a3a2df850821daa213e6b/572a3a31f850821daa213eb2/node_modules/bxslider/src/css/node_modules/bxslider/sr/bx_loader.9f.delaye]
[static1.squarespace.com/static/sitecss/572a39c4c6fc08512e0f088d/131/572a3a2df850821daa213e6b/572a3a31f850821daa213eb2/node_modules/bxslider/src/css/node_modules/bxslider/sr/bx_loader.9f.delaye]
[static1.squarespace.com/static/sitecss/572a39c4c6fc08512e0f088d/131/572a3a2df850821daa213e6b/572a3a31f850821daa213eb2/node_modules/bxslider/src/css/node_modules/bxslider/src/controls.a0.delaye]
[static1.squarespace.com/static/sitecss/572a39c4c6fc08512e0f088d/131/572a3a2df850821daa213e6b/572a3a31f850821daa213eb2/node_modules/bxslider/src/css/node_modules/bxslider/src/controls.a0.delaye]
[static1.squarespace.com/static/sitecss/572a39c4c6fc08512e0f088d/131/572a3a2df850821daa213e6b/572a3a31f850821daa213eb2/node_modules/bxslider/src/css/node_modules/bxslider/sr/bx_loader.a1.delaye]
[static1.squarespace.com/static/sitecss/572a39c4c6fc08512e0f088d/131/572a3a2df850821daa213e6b/572a3a31f850821daa213eb2/node_modules/bxslider/src/css/node_modules/bxslider/sr/bx_loader.a1.delaye]
[static1.squarespace.com/static/sitecss/572a39c4c6fc08512e0f088d/131/572a3a2df850821daa213e6b/572a3a31f850821daa213eb2/node_modules/bxslider/src/css/node_modules/bxslider/src/controls.a2.delaye]
[static1.squarespace.com/static/sitecss/572a39c4c6fc08512e0f088d/131/572a3a2df850821daa213e6b/572a3a31f850821daa213eb2/node_modules/bxslider/src/css/node_modules/bxslider/src/controls.a2.delaye]
[static1.squarespace.com/static/sitecss/572a39c4c6fc08512e0f088d/131/572a3a2df850821daa213e6b/572a3a31f850821daa213eb2/node_modules/bxslider/src/css/node_modules/bxslider/sr/bx_loader.a3.delaye]
[static1.squarespace.com/static/sitecss/572a39c4c6fc08512e0f088d/131/572a3a2df850821daa213e6b/572a3a31f850821daa213eb2/node_modules/bxslider/src/css/node_modules/bxslider/sr/bx_loader.a3.delaye]
[static1.squarespace.com/static/sitecss/572a39c4c6fc08512e0f088d/131/572a3a2df850821daa213e6b/572a3a31f850821daa213eb2/node_modules/bxslider/src/css/node_modules/bxslider/src/controls.a4.delaye]
[static1.squarespace.com/static/sitecss/572a39c4c6fc08512e0f088d/131/572a3a2df850821daa213e6b/572a3a31f850821daa213eb2/node_modules/bxslider/src/css/node_modules/bxslider/src/controls.a4.delaye]
[static1.squarespace.com/static/sitecss/572a39c4c6fc08512e0f088d/131/572a3a2df850821daa213e6b/572a3a31f850821daa213eb2/node_modules/bxslider/src/css/node_modules/bxslider/src/controls.a6.delaye]
[static1.squarespace.com/static/sitecss/572a39c4c6fc08512e0f088d/131/572a3a2df850821daa213e6b/572a3a31f850821daa213eb2/node_modules/bxslider/src/css/node_modules/bxslider/sr/bx_loader.a5.delaye]
[static1.squarespace.com/static/sitecss/572a39c4c6fc08512e0f088d/131/572a3a2df850821daa213e6b/572a3a31f850821daa213eb2/node_modules/bxslider/src/css/node_modules/bxslider/sr/bx_loader.a5.delaye]
[static1.squarespace.com/static/sitecss/572a39c4c6fc08512e0f088d/131/572a3a2df850821daa213e6b/572a3a31f850821daa213eb2/node_modules/bxslider/src/css/node_modules/bxslider/src/controls.a6.delaye]
[static1.squarespace.com/static/sitecss/572a39c4c6fc08512e0f088d/131/572a3a2df850821daa213e6b/572a3a31f850821daa213eb2/node_modules/bxslider/src/css/node_modules/bxslider/sr/bx_loader.a7.delaye]
[static1.squarespace.com/static/sitecss/572a39c4c6fc08512e0f088d/131/572a3a2df850821daa213e6b/572a3a31f850821daa213eb2/node_modules/bxslider/src/css/node_modules/bxslider/sr/bx_loader.a7.delaye]
[static1.squarespace.com/static/sitecss/572a39c4c6fc08512e0f088d/131/572a3a2df850821daa213e6b/572a3a31f850821daa213eb2/node_modules/bxslider/src/css/node_modules/bxslider/src/controls.a8.delaye]
[static1.squarespace.com/static/sitecss/572a39c4c6fc08512e0f088d/131/572a3a2df850821daa213e6b/572a3a31f850821daa213eb2/node_modules/bxslider/src/css/node_modules/bxslider/src/controls.a8.delaye]
[static1.squarespace.com/static/sitecss/572a39c4c6fc08512e0f088d/131/572a3a2df850821daa213e6b/572a3a31f850821daa213eb2/node_modules/bxslider/src/css/node_modules/bxslider/src/controls.aa.delaye]
[static1.squarespace.com/static/sitecss/572a39c4c6fc08512e0f088d/131/572a3a2df850821daa213e6b/572a3a31f850821daa213eb2/node_modules/bxslider/src/css/node_modules/bxslider/sr/bx_loader.a9.delaye]
[static1.squarespace.com/static/sitecss/572a39c4c6fc08512e0f088d/131/572a3a2df850821daa213e6b/572a3a31f850821daa213eb2/node_modules/bxslider/src/css/node_modules/bxslider/sr/bx_loader.a9.delaye]
[static1.squarespace.com/static/sitecss/572a39c4c6fc08512e0f088d/131/572a3a2df850821daa213e6b/572a3a31f850821daa213eb2/node_modules/bxslider/src/css/node_modules/bxslider/src/controls.aa.delaye]
[static1.squarespace.com/static/sitecss/572a39c4c6fc08512e0f088d/131/572a3a2df850821daa213e6b/572a3a31f850821daa213eb2/node_modules/bxslider/src/css/node_modules/bxslider/src/controls.ac.delaye]
[static1.squarespace.com/static/sitecss/572a39c4c6fc08512e0f088d/131/572a3a2df850821daa213e6b/572a3a31f850821daa213eb2/node_modules/bxslider/src/css/node_modules/bxslider/sr/bx_loader.ab.delaye]
[static1.squarespace.com/static/sitecss/572a39c4c6fc08512e0f088d/131/572a3a2df850821daa213e6b/572a3a31f850821daa213eb2/node_modules/bxslider/src/css/node_modules/bxslider/sr/bx_loader.ab.delaye]
[static1.squarespace.com/static/sitecss/572a39c4c6fc08512e0f088d/131/572a3a2df850821daa213e6b/572a3a31f850821daa213eb2/node_modules/bxslider/src/css/node_modules/bxslider/src/controls.ac.delaye]
